2026-09-23 19:14:17,345 INFO STAGE A：原始数据读取与一致性检查
2026-09-23 19:14:17,509 INFO 读取完成：节点16，货箱80，无人机8，电池14；总质量758.000 kg
2026-09-23 19:14:17,509 INFO STAGE B：公共航段物理参数
2026-09-23 19:14:17,818 INFO 已建立240条有向航段、720条机型—航段记录
2026-09-23 19:14:17,837 INFO STAGE C：round_1 候选生成
2026-09-23 19:14:17,920 INFO 候选生成：机型A，种子1/80，累计2598
2026-09-23 19:14:17,930 INFO 候选生成：机型A，种子21/80，累计2628
2026-09-23 19:14:17,941 INFO 候选生成：机型A，种子41/80，累计2690
2026-09-23 19:14:17,952 INFO 候选生成：机型A，种子61/80，累计2744
2026-09-23 19:14:18,092 INFO 候选生成：机型B，种子1/80，累计7169
2026-09-23 19:14:18,103 INFO 候选生成：机型B，种子21/80，累计7241
2026-09-23 19:14:18,114 INFO 候选生成：机型B，种子41/80，累计7304
2026-09-23 19:14:18,125 INFO 候选生成：机型B，种子61/80，累计7345
2026-09-23 19:14:18,283 INFO 候选生成：机型C，种子1/80，累计12251
2026-09-23 19:14:18,320 INFO 候选生成：机型C，种子21/80，累计12495
2026-09-23 19:14:18,374 INFO 候选生成：机型C，种子41/80，累计12702
2026-09-23 19:14:18,399 INFO 候选生成：机型C，种子61/80，累计12871
2026-09-23 19:14:18,444 INFO round_1：原始池12995，进入联合模型500
2026-09-23 19:14:18,452 INFO STAGE D：round_1 联合资源与时间优化
2026-09-23 19:14:18,486 INFO round_1：HiGHS初始模型，候选500，变量5527，线性约束11388，已展开候选对273
2026-09-23 19:14:18,486 INFO round_1：THREADS、RANDOM_SEED不传入SciPy milp；仅使用其公开支持的参数
2026-09-23 19:14:18,486 INFO round_1：目标1/4=weighted_tardiness，冲突迭代1，变量5527，约束11389，本次时限30.0 s
2026-09-23 19:14:18,970 INFO round_1：中间解存在275对资源冲突，新增275对约束；该中间解不作为结果
2026-09-23 19:14:18,970 INFO round_1：目标1/4=weighted_tardiness，冲突迭代2，变量6077，约束14977，本次时限30.0 s
2026-09-23 19:14:19,436 INFO round_1：中间解存在381对资源冲突，新增381对约束；该中间解不作为结果
2026-09-23 19:14:19,436 INFO round_1：目标1/4=weighted_tardiness，冲突迭代3，变量6839，约束19909，本次时限30.0 s
2026-09-23 19:14:20,191 INFO round_1：中间解存在128对资源冲突，新增128对约束；该中间解不作为结果
2026-09-23 19:14:20,191 INFO round_1：目标1/4=weighted_tardiness，冲突迭代4，变量7095，约束21589，本次时限30.0 s
2026-09-23 19:14:21,379 INFO round_1：中间解存在176对资源冲突，新增176对约束；该中间解不作为结果
2026-09-23 19:14:21,379 INFO round_1：目标1/4=weighted_tardiness，冲突迭代5，变量7447，约束23725，本次时限30.0 s
2026-09-23 19:14:22,518 INFO round_1：中间解存在299对资源冲突，新增299对约束；该中间解不作为结果
2026-09-23 19:14:22,518 INFO round_1：目标1/4=weighted_tardiness，冲突迭代6，变量8045，约束27937，本次时限30.0 s
2026-09-23 19:14:24,540 INFO round_1：中间解存在96对资源冲突，新增96对约束；该中间解不作为结果
2026-09-23 19:14:24,540 INFO round_1：目标1/4=weighted_tardiness，冲突迭代7，变量8237，约束29161，本次时限30.0 s
2026-09-23 19:14:25,893 INFO round_1：中间解存在204对资源冲突，新增204对约束；该中间解不作为结果
2026-09-23 19:14:25,893 INFO round_1：目标1/4=weighted_tardiness，冲突迭代8，变量8645，约束31817，本次时限30.0 s
2026-09-23 19:14:28,015 INFO round_1：中间解存在180对资源冲突，新增180对约束；该中间解不作为结果
2026-09-23 19:14:28,016 INFO round_1：目标1/4=weighted_tardiness，冲突迭代9，变量9005，约束34433，本次时限30.0 s
2026-09-23 19:14:31,573 INFO round_1：中间解存在78对资源冲突，新增78对约束；该中间解不作为结果
2026-09-23 19:14:31,574 INFO round_1：目标1/4=weighted_tardiness，冲突迭代10，变量9161，约束35385，本次时限30.0 s
2026-09-23 19:14:34,428 INFO round_1：中间解存在77对资源冲突，新增77对约束；该中间解不作为结果
2026-09-23 19:14:34,428 INFO round_1：目标1/4=weighted_tardiness，冲突迭代11，变量9315，约束36349，本次时限30.0 s
2026-09-23 19:14:36,868 INFO round_1：中间解存在91对资源冲突，新增91对约束；该中间解不作为结果
2026-09-23 19:14:36,868 INFO round_1：目标1/4=weighted_tardiness，冲突迭代12，变量9497，约束37449，本次时限30.0 s
2026-09-23 19:14:38,946 INFO round_1：中间解存在212对资源冲突，新增212对约束；该中间解不作为结果
2026-09-23 19:14:38,946 INFO round_1：目标1/4=weighted_tardiness，冲突迭代13，变量9921，约束40329，本次时限30.0 s
2026-09-23 19:14:41,439 INFO round_1：中间解存在178对资源冲突，新增178对约束；该中间解不作为结果
2026-09-23 19:14:41,439 INFO round_1：目标1/4=weighted_tardiness，冲突迭代14，变量10277，约束43025，本次时限30.0 s
2026-09-23 19:14:45,865 INFO round_1：中间解存在48对资源冲突，新增48对约束；该中间解不作为结果
2026-09-23 19:14:45,865 INFO round_1：目标1/4=weighted_tardiness，冲突迭代15，变量10373，约束43657，本次时限30.0 s
2026-09-23 19:14:49,601 INFO round_1：中间解存在30对资源冲突，新增30对约束；该中间解不作为结果
2026-09-23 19:14:49,601 INFO round_1：目标1/4=weighted_tardiness，冲突迭代16，变量10433，约束44049，本次时限30.0 s
2026-09-23 19:14:51,947 INFO round_1：中间解存在171对资源冲突，新增171对约束；该中间解不作为结果
2026-09-23 19:14:51,947 INFO round_1：目标1/4=weighted_tardiness，冲突迭代17，变量10775，约束46373，本次时限30.0 s
2026-09-23 19:14:57,710 INFO round_1：中间解存在24对资源冲突，新增24对约束；该中间解不作为结果
2026-09-23 19:14:57,710 INFO round_1：目标1/4=weighted_tardiness，冲突迭代18，变量10823，约束46701，本次时限30.0 s
2026-09-23 19:15:02,735 INFO round_1：中间解存在24对资源冲突，新增24对约束；该中间解不作为结果
2026-09-23 19:15:02,735 INFO round_1：目标1/4=weighted_tardiness，冲突迭代19，变量10871，约束46997，本次时限30.0 s
2026-09-23 19:15:25,564 INFO round_1：中间解存在19对资源冲突，新增19对约束；该中间解不作为结果
2026-09-23 19:15:25,564 INFO round_1：目标1/4=weighted_tardiness，冲突迭代20，变量10909，约束47233，本次时限30.0 s
2026-09-23 19:15:49,380 INFO round_1：中间解存在24对资源冲突，新增24对约束；该中间解不作为结果
2026-09-23 19:15:49,380 INFO round_1：目标1/4=weighted_tardiness，冲突迭代21，变量10957，约束47521，本次时限30.0 s
2026-09-23 19:15:56,149 INFO round_1：中间解存在19对资源冲突，新增19对约束；该中间解不作为结果
2026-09-23 19:15:56,149 INFO round_1：目标1/4=weighted_tardiness，冲突迭代22，变量10995，约束47757，本次时限30.0 s
2026-09-23 19:16:04,003 INFO round_1：中间解存在27对资源冲突，新增27对约束；该中间解不作为结果
2026-09-23 19:16:04,003 INFO round_1：目标1/4=weighted_tardiness，冲突迭代23，变量11049，约束48105，本次时限30.0 s
2026-09-23 19:16:06,413 INFO round_1：中间解存在127对资源冲突，新增127对约束；该中间解不作为结果
2026-09-23 19:16:06,413 INFO round_1：目标1/4=weighted_tardiness，冲突迭代24，变量11303，约束49861，本次时限30.0 s
2026-09-23 19:16:11,586 INFO round_1：中间解存在25对资源冲突，新增25对约束；该中间解不作为结果
2026-09-23 19:16:11,586 INFO round_1：目标1/4=weighted_tardiness，冲突迭代25，变量11353，约束50193，本次时限30.0 s
2026-09-23 19:16:40,841 INFO round_1：中间解存在22对资源冲突，新增22对约束；该中间解不作为结果
2026-09-23 19:16:40,842 INFO round_1：目标1/4=weighted_tardiness，冲突迭代26，变量11397，约束50457，本次时限30.0 s
2026-09-23 19:16:43,747 INFO round_1：中间解存在125对资源冲突，新增125对约束；该中间解不作为结果
2026-09-23 19:16:43,747 INFO round_1：目标1/4=weighted_tardiness，冲突迭代27，变量11647，约束52269，本次时限30.0 s
2026-09-23 19:17:08,837 INFO round_1：中间解存在19对资源冲突，新增19对约束；该中间解不作为结果
2026-09-23 19:17:08,837 INFO round_1：目标1/4=weighted_tardiness，冲突迭代28，变量11685，约束52497，本次时限9.7 s
2026-09-23 19:17:18,615 INFO round_1：中间解存在17对资源冲突，新增17对约束；该中间解不作为结果
2026-09-23 19:17:18,615 INFO round_1：第1层结束，完整可行目标值=111388.055，本层已证最优=False，原因=stage_time_limit
2026-09-23 19:17:18,616 INFO round_1：目标2/4=makespan_s，冲突迭代1，变量11719，约束52703，本次时限30.0 s
2026-09-23 19:17:48,737 INFO round_1：中间解存在83对资源冲突，新增83对约束；该中间解不作为结果
2026-09-23 19:17:48,737 INFO round_1：目标2/4=makespan_s，冲突迭代2，变量11885，约束53851，本次时限30.0 s
2026-09-23 19:18:18,868 INFO round_1：中间解存在78对资源冲突，新增78对约束；该中间解不作为结果
2026-09-23 19:18:18,868 INFO round_1：目标2/4=makespan_s，冲突迭代3，变量12041，约束54875，本次时限30.0 s
2026-09-23 19:18:49,004 INFO round_1：中间解存在60对资源冲突，新增60对约束；该中间解不作为结果
2026-09-23 19:18:49,004 INFO round_1：目标2/4=makespan_s，冲突迭代4，变量12161，约束55691，本次时限30.0 s
2026-09-23 19:19:19,136 INFO round_1：中间解存在46对资源冲突，新增46对约束；该中间解不作为结果
2026-09-23 19:19:19,136 INFO round_1：目标2/4=makespan_s，冲突迭代5，变量12253，约束56259，本次时限30.0 s
2026-09-23 19:19:49,267 INFO round_1：中间解存在66对资源冲突，新增66对约束；该中间解不作为结果
2026-09-23 19:19:49,267 INFO round_1：目标2/4=makespan_s，冲突迭代6，变量12385，约束57115，本次时限29.4 s
2026-09-23 19:20:18,759 INFO round_1：中间解存在60对资源冲突，新增60对约束；该中间解不作为结果
2026-09-23 19:20:18,759 INFO round_1：第2层结束，完整可行目标值=9364.74759，本层已证最优=False，原因=stage_time_limit
2026-09-23 19:20:18,760 INFO round_1：目标3/4=energy_kwh，冲突迭代1，变量12505，约束57901，本次时限30.0 s
2026-09-23 19:20:23,003 INFO round_1：中间解存在18对资源冲突，新增18对约束；该中间解不作为结果
2026-09-23 19:20:23,004 INFO round_1：目标3/4=energy_kwh，冲突迭代2，变量12541，约束58117，本次时限30.0 s
2026-09-23 19:20:53,158 INFO round_1：第3层结束，完整可行目标值=96.9102965，本层已证最优=False，原因=no_integer_solution_in_slice
2026-09-23 19:20:53,159 INFO round_1：目标4/4=sorties，冲突迭代1，变量12541，约束58119，本次时限30.0 s
2026-09-23 19:21:23,265 INFO round_1：第4层结束，完整可行目标值=39，本层已证最优=False，原因=no_integer_solution_in_slice
2026-09-23 19:21:23,280 INFO STAGE C：round_2 候选生成
2026-09-23 19:21:23,364 INFO 候选生成：机型A，种子1/80，累计12995
2026-09-23 19:21:23,376 INFO 候选生成：机型A，种子21/80，累计12995
2026-09-23 19:21:23,389 INFO 候选生成：机型A，种子41/80，累计13044
2026-09-23 19:21:23,410 INFO 候选生成：机型A，种子61/80，累计13048
2026-09-23 19:21:23,563 INFO 候选生成：机型B，种子1/80，累计13066
2026-09-23 19:21:23,577 INFO 候选生成：机型B，种子21/80，累计13077
2026-09-23 19:21:23,593 INFO 候选生成：机型B，种子41/80，累计13185
2026-09-23 19:21:23,620 INFO 候选生成：机型B，种子61/80，累计13255
2026-09-23 19:21:23,771 INFO 候选生成：机型C，种子1/80，累计13321
2026-09-23 19:21:23,835 INFO 候选生成：机型C，种子21/80，累计13505
2026-09-23 19:21:24,052 INFO 候选生成：机型C，种子41/80，累计13770
2026-09-23 19:21:24,184 INFO 候选生成：机型C，种子61/80，累计14008
2026-09-23 19:21:24,284 INFO round_2：原始池14346，进入联合模型850
2026-09-23 19:21:24,294 INFO STAGE D：round_2 联合资源与时间优化
2026-09-23 19:21:24,347 INFO round_2：HiGHS初始模型，候选850，变量8675，线性约束18022，已展开候选对256
2026-09-23 19:21:24,347 INFO round_2：THREADS、RANDOM_SEED不传入SciPy milp；仅使用其公开支持的参数
2026-09-23 19:21:24,348 INFO round_2：目标1/4=weighted_tardiness，冲突迭代1，变量8675，约束18023，本次时限30.0 s
2026-09-23 19:21:26,274 INFO round_2：中间解存在265对资源冲突，新增265对约束；该中间解不作为结果
2026-09-23 19:21:26,274 INFO round_2：目标1/4=weighted_tardiness，冲突迭代2，变量9205，约束21283，本次时限30.0 s
2026-09-23 19:21:27,127 INFO round_2：中间解存在212对资源冲突，新增212对约束；该中间解不作为结果
2026-09-23 19:21:27,127 INFO round_2：目标1/4=weighted_tardiness，冲突迭代3，变量9629，约束24115，本次时限30.0 s
2026-09-23 19:21:27,927 INFO round_2：中间解存在446对资源冲突，新增446对约束；该中间解不作为结果
2026-09-23 19:21:27,928 INFO round_2：目标1/4=weighted_tardiness，冲突迭代4，变量10521，约束29843，本次时限30.0 s
2026-09-23 19:21:30,365 INFO round_2：中间解存在157对资源冲突，新增157对约束；该中间解不作为结果
2026-09-23 19:21:30,365 INFO round_2：目标1/4=weighted_tardiness，冲突迭代5，变量10835，约束31735，本次时限30.0 s
2026-09-23 19:21:33,607 INFO round_2：中间解存在223对资源冲突，新增223对约束；该中间解不作为结果
2026-09-23 19:21:33,607 INFO round_2：目标1/4=weighted_tardiness，冲突迭代6，变量11281，约束35371，本次时限30.0 s
2026-09-23 19:21:35,180 INFO round_2：中间解存在186对资源冲突，新增186对约束；该中间解不作为结果
2026-09-23 19:21:35,180 INFO round_2：目标1/4=weighted_tardiness，冲突迭代7，变量11653，约束37875，本次时限30.0 s
2026-09-23 19:21:36,909 INFO round_2：中间解存在214对资源冲突，新增214对约束；该中间解不作为结果
2026-09-23 19:21:36,909 INFO round_2：目标1/4=weighted_tardiness，冲突迭代8，变量12081，约束40635，本次时限30.0 s
2026-09-23 19:21:39,274 INFO round_2：中间解存在175对资源冲突，新增175对约束；该中间解不作为结果
2026-09-23 19:21:39,274 INFO round_2：目标1/4=weighted_tardiness，冲突迭代9，变量12431，约束43015，本次时限30.0 s
2026-09-23 19:21:42,629 INFO round_2：中间解存在53对资源冲突，新增53对约束；该中间解不作为结果
2026-09-23 19:21:42,629 INFO round_2：目标1/4=weighted_tardiness，冲突迭代10，变量12537，约束43659，本次时限30.0 s
2026-09-23 19:21:45,185 INFO round_2：中间解存在186对资源冲突，新增186对约束；该中间解不作为结果
2026-09-23 19:21:45,185 INFO round_2：目标1/4=weighted_tardiness，冲突迭代11，变量12909，约束46235，本次时限30.0 s
2026-09-23 19:21:49,573 INFO round_2：中间解存在39对资源冲突，新增39对约束；该中间解不作为结果
2026-09-23 19:21:49,573 INFO round_2：目标1/4=weighted_tardiness，冲突迭代12，变量12987，约束46711，本次时限30.0 s
2026-09-23 19:21:51,838 INFO round_2：中间解存在124对资源冲突，新增124对约束；该中间解不作为结果
2026-09-23 19:21:51,838 INFO round_2：目标1/4=weighted_tardiness，冲突迭代13，变量13235，约束48295，本次时限30.0 s
2026-09-23 19:21:55,248 INFO round_2：中间解存在62对资源冲突，新增62对约束；该中间解不作为结果
2026-09-23 19:21:55,248 INFO round_2：目标1/4=weighted_tardiness，冲突迭代14，变量13359，约束49063，本次时限30.0 s
2026-09-23 19:21:59,479 INFO round_2：中间解存在50对资源冲突，新增50对约束；该中间解不作为结果
2026-09-23 19:21:59,480 INFO round_2：目标1/4=weighted_tardiness，冲突迭代15，变量13459，约束49687，本次时限30.0 s
2026-09-23 19:22:03,607 INFO round_2：中间解存在51对资源冲突，新增51对约束；该中间解不作为结果
2026-09-23 19:22:03,607 INFO round_2：目标1/4=weighted_tardiness，冲突迭代16，变量13561，约束50419，本次时限30.0 s
2026-09-23 19:22:09,456 INFO round_2：中间解存在54对资源冲突，新增54对约束；该中间解不作为结果
2026-09-23 19:22:09,456 INFO round_2：目标1/4=weighted_tardiness，冲突迭代17，变量13669，约束51075，本次时限30.0 s
2026-09-23 19:22:12,122 INFO round_2：中间解存在161对资源冲突，新增161对约束；该中间解不作为结果
2026-09-23 19:22:12,122 INFO round_2：目标1/4=weighted_tardiness，冲突迭代18，变量13991，约束53319，本次时限30.0 s
2026-09-23 19:22:18,803 INFO round_2：中间解存在48对资源冲突，新增48对约束；该中间解不作为结果
2026-09-23 19:22:18,803 INFO round_2：目标1/4=weighted_tardiness，冲突迭代19，变量14087，约束53895，本次时限30.0 s
2026-09-23 19:22:26,010 INFO round_2：中间解存在18对资源冲突，新增18对约束；该中间解不作为结果
2026-09-23 19:22:26,010 INFO round_2：目标1/4=weighted_tardiness，冲突迭代20，变量14123，约束54119，本次时限30.0 s
2026-09-23 19:22:30,685 INFO round_2：中间解存在24对资源冲突，新增24对约束；该中间解不作为结果
2026-09-23 19:22:30,685 INFO round_2：目标1/4=weighted_tardiness，冲突迭代21，变量14171，约束54407，本次时限30.0 s
2026-09-23 19:22:43,051 INFO round_2：中间解存在36对资源冲突，新增36对约束；该中间解不作为结果
2026-09-23 19:22:43,051 INFO round_2：目标1/4=weighted_tardiness，冲突迭代22，变量14243，约束54847，本次时限30.0 s
2026-09-23 19:22:50,789 INFO round_2：中间解存在20对资源冲突，新增20对约束；该中间解不作为结果
2026-09-23 19:22:50,789 INFO round_2：目标1/4=weighted_tardiness，冲突迭代23，变量14283，约束55095，本次时限30.0 s
2026-09-23 19:22:56,175 INFO round_2：中间解存在30对资源冲突，新增30对约束；该中间解不作为结果
2026-09-23 19:22:56,175 INFO round_2：目标1/4=weighted_tardiness，冲突迭代24，变量14343，约束55463，本次时限30.0 s
2026-09-23 19:23:01,423 INFO round_2：中间解存在30对资源冲突，新增30对约束；该中间解不作为结果
2026-09-23 19:23:01,423 INFO round_2：目标1/4=weighted_tardiness，冲突迭代25，变量14403，约束55823，本次时限30.0 s
2026-09-23 19:23:05,011 INFO round_2：中间解存在102对资源冲突，新增102对约束；该中间解不作为结果
2026-09-23 19:23:05,011 INFO round_2：目标1/4=weighted_tardiness，冲突迭代26，变量14607，约束57247，本次时限30.0 s
2026-09-23 19:23:12,385 INFO round_2：中间解存在50对资源冲突，新增50对约束；该中间解不作为结果
2026-09-23 19:23:12,385 INFO round_2：目标1/4=weighted_tardiness，冲突迭代27，变量14707，约束57847，本次时限30.0 s
2026-09-23 19:23:41,095 INFO round_2：中间解存在15对资源冲突，新增15对约束；该中间解不作为结果
2026-09-23 19:23:41,095 INFO round_2：目标1/4=weighted_tardiness，冲突迭代28，变量14737，约束58027，本次时限30.0 s
2026-09-23 19:23:47,181 INFO round_2：中间解存在21对资源冲突，新增21对约束；该中间解不作为结果
2026-09-23 19:23:47,181 INFO round_2：目标1/4=weighted_tardiness，冲突迭代29，变量14779，约束58279，本次时限30.0 s
2026-09-23 19:24:13,920 INFO round_2：中间解存在23对资源冲突，新增23对约束；该中间解不作为结果
2026-09-23 19:24:13,920 INFO round_2：目标1/4=weighted_tardiness，冲突迭代30，变量14825，约束58579，本次时限10.4 s
2026-09-23 19:24:27,565 INFO round_2：第1层结束，完整可行目标值=96004.2229，本层已证最优=False，原因=no_integer_solution_in_slice
2026-09-23 19:24:27,566 INFO round_2：目标2/4=makespan_s，冲突迭代1，变量14825，约束58581，本次时限30.0 s
2026-09-23 19:24:57,704 INFO round_2：中间解存在75对资源冲突，新增75对约束；该中间解不作为结果
2026-09-23 19:24:57,704 INFO round_2：目标2/4=makespan_s，冲突迭代2，变量14975，约束59585，本次时限30.0 s
2026-09-23 19:25:27,849 INFO round_2：中间解存在63对资源冲突，新增63对约束；该中间解不作为结果
2026-09-23 19:25:27,849 INFO round_2：目标2/4=makespan_s，冲突迭代3，变量15101，约束60397，本次时限30.0 s
2026-09-23 19:25:58,010 INFO round_2：中间解存在62对资源冲突，新增62对约束；该中间解不作为结果
2026-09-23 19:25:58,010 INFO round_2：目标2/4=makespan_s，冲突迭代4，变量15225，约束61197，本次时限30.0 s
2026-09-23 19:26:28,172 INFO round_2：中间解存在78对资源冲突，新增78对约束；该中间解不作为结果
2026-09-23 19:26:28,172 INFO round_2：目标2/4=makespan_s，冲突迭代5，变量15381，约束62269，本次时限30.0 s
2026-09-23 19:26:58,331 INFO round_2：中间解存在92对资源冲突，新增92对约束；该中间解不作为结果
2026-09-23 19:26:58,331 INFO round_2：目标2/4=makespan_s，冲突迭代6，变量15565，约束63437，本次时限29.2 s
2026-09-23 19:27:27,739 INFO round_2：中间解存在68对资源冲突，新增68对约束；该中间解不作为结果
2026-09-23 19:27:27,739 INFO round_2：第2层结束，完整可行目标值=8852.93486，本层已证最优=False，原因=stage_time_limit
2026-09-23 19:27:27,739 INFO round_2：目标3/4=energy_kwh，冲突迭代1，变量15701，约束64303，本次时限30.0 s
2026-09-23 19:27:57,858 INFO round_2：第3层结束，完整可行目标值=90.1274979，本层已证最优=False，原因=no_integer_solution_in_slice
2026-09-23 19:27:57,859 INFO round_2：目标4/4=sorties，冲突迭代1，变量15701，约束64305，本次时限30.0 s
2026-09-23 19:28:27,966 INFO round_2：第4层结束，完整可行目标值=37，本层已证最优=False，原因=no_integer_solution_in_slice
2026-09-23 19:28:27,984 INFO STAGE E：导出运输、交付、资源及轨迹
2026-09-23 19:28:28,027 INFO 最终结果：加权迟到=96004.222903，最晚返航=8852.934859 s，能耗=90.127498 kWh，架次数=37
2026-09-23 19:28:28,032 INFO STAGE F：保存并显示图件
2026-09-23 19:28:31,166 INFO 已保存5类图件
2026-09-23 19:28:50,168 INFO 完成，耗时872.81 s；输出目录：C:\Users\admin\Desktop\Math\solve\problem2\outputs\20260923_191417_344885
